<?xml version="1.0" encoding="UTF-8"?>
<TestRun id="e1021a27-f04f-45f4-949b-99344f611e9c" name="Florian@FLORIAN-PC 2010-09-01 21:40:49" runUser="Florian-PC\Florian" xmlns="http://microsoft.com/schemas/VisualStudio/TeamTest/2010">
  <TestSettings name="Local" id="96bdff75-9789-4ff9-98d6-bd2fd69ba88a">
    <Description>These are default test settings for a local test run.</Description>
    <Deployment enabled="false" runDeploymentRoot="Florian_FLORIAN-PC 2010-09-01 21_40_49" />
    <Execution>
      <TestTypeSpecific />
      <AgentRule name="Execution Agents">
      </AgentRule>
    </Execution>
  </TestSettings>
  <Times creation="2010-09-01T21:40:49.6506688+02:00" queuing="2010-09-01T21:40:50.6490705+02:00" start="2010-09-01T21:40:50.7582707+02:00" finish="2010-09-01T21:40:51.7254724+02:00" />
  <ResultSummary outcome="Completed">
    <Counters total="8" executed="8" passed="8" error="0" failed="0" timeout="0" aborted="0" inconclusive="0" passedButRunAborted="0" notRunnable="0" notExecuted="0" disconnected="0" warning="0" completed="0" inProgress="0" pending="0" />
  </ResultSummary>
  <TestDefinitions>
    <UnitTest name="When_Both_Players_Have_40_Score_And_Player_One_Scores_Two_Times_Then_Game_Is_Not_Over" storage="e:\projektecsharp\tennisgametests\tennisgametests\bin\debug\tennisgametests.dll" id="1a284bb6-1df7-59be-91fb-b3c48199cc31">
      <Execution id="efeccb63-892c-40f8-8433-7b0a9b62ed8e" />
      <TestMethod codeBase="E:/ProjekteCSharp/TennisGameTests/TennisGameTests/bin/Debug/TennisGameTests.DLL" adapterTypeName="Microsoft.VisualStudio.TestTools.TestTypes.Unit.UnitTestAdapter, Microsoft.VisualStudio.QualityTools.Tips.UnitTest.Adapter, Version=10.0.0.0, Culture=neutral, PublicKeyToken=b03f5f7f11d50a3a" className="TennisGameTests.TennisGameTest, TennisGameTests, Version=1.0.0.0, Culture=neutral, PublicKeyToken=null" name="When_Both_Players_Have_40_Score_And_Player_One_Scores_Two_Times_Then_Game_Is_Not_Over" />
    </UnitTest>
    <UnitTest name="When_Player_One_Scores_Two_Times_And_Player_Two_Does_Not_Score_Then_Game_Is_Not_Over" storage="e:\projektecsharp\tennisgametests\tennisgametests\bin\debug\tennisgametests.dll" id="a8e12918-e87a-627f-a103-78c8ae03b8e1">
      <Execution id="db055d4b-1a91-4082-aa8b-a513f64cc9f3" />
      <TestMethod codeBase="E:/ProjekteCSharp/TennisGameTests/TennisGameTests/bin/Debug/TennisGameTests.DLL" adapterTypeName="Microsoft.VisualStudio.TestTools.TestTypes.Unit.UnitTestAdapter, Microsoft.VisualStudio.QualityTools.Tips.UnitTest.Adapter, Version=10.0.0.0, Culture=neutral, PublicKeyToken=b03f5f7f11d50a3a" className="TennisGameTests.TennisGameTest, TennisGameTests, Version=1.0.0.0, Culture=neutral, PublicKeyToken=null" name="When_Player_One_Scores_Two_Times_And_Player_Two_Does_Not_Score_Then_Game_Is_Not_Over" />
    </UnitTest>
    <UnitTest name="When_Both_Players_Have_40_Score_And_Player_Two_Scores_Two_Times_Then_Game_Is_Not_Over" storage="e:\projektecsharp\tennisgametests\tennisgametests\bin\debug\tennisgametests.dll" id="86e19e65-bef3-df19-f228-ba46c4abc032">
      <Execution id="5a1db1ff-79d4-451b-b214-51df7da27d82" />
      <TestMethod codeBase="E:/ProjekteCSharp/TennisGameTests/TennisGameTests/bin/Debug/TennisGameTests.DLL" adapterTypeName="Microsoft.VisualStudio.TestTools.TestTypes.Unit.UnitTestAdapter, Microsoft.VisualStudio.QualityTools.Tips.UnitTest.Adapter, Version=10.0.0.0, Culture=neutral, PublicKeyToken=b03f5f7f11d50a3a" className="TennisGameTests.TennisGameTest, TennisGameTests, Version=1.0.0.0, Culture=neutral, PublicKeyToken=null" name="When_Both_Players_Have_40_Score_And_Player_Two_Scores_Two_Times_Then_Game_Is_Not_Over" />
    </UnitTest>
    <UnitTest name="When_Player_Two_Has_Advantage_And_Player_One_Scores_Three_Times_Game_Is_Over" storage="e:\projektecsharp\tennisgametests\tennisgametests\bin\debug\tennisgametests.dll" id="103cf69a-23e5-c1a5-12bf-39532ce8fd97">
      <Execution id="e99c8187-4f22-4020-81fd-d552de0d6905" />
      <TestMethod codeBase="E:/ProjekteCSharp/TennisGameTests/TennisGameTests/bin/Debug/TennisGameTests.DLL" adapterTypeName="Microsoft.VisualStudio.TestTools.TestTypes.Unit.UnitTestAdapter, Microsoft.VisualStudio.QualityTools.Tips.UnitTest.Adapter, Version=10.0.0.0, Culture=neutral, PublicKeyToken=b03f5f7f11d50a3a" className="TennisGameTests.TennisGameTest, TennisGameTests, Version=1.0.0.0, Culture=neutral, PublicKeyToken=null" name="When_Player_Two_Has_Advantage_And_Player_One_Scores_Three_Times_Game_Is_Over" />
    </UnitTest>
    <UnitTest name="When_Both_Players_Have_Same_Score_And_Player_One_Scores_Then_Game_Is_Not_Over" storage="e:\projektecsharp\tennisgametests\tennisgametests\bin\debug\tennisgametests.dll" id="f8c7b819-6a34-de2a-2462-3dbba6f9ebbe">
      <Execution id="296d268a-45c7-44ca-8f0e-ea666a05b69f" />
      <TestMethod codeBase="E:/ProjekteCSharp/TennisGameTests/TennisGameTests/bin/Debug/TennisGameTests.DLL" adapterTypeName="Microsoft.VisualStudio.TestTools.TestTypes.Unit.UnitTestAdapter, Microsoft.VisualStudio.QualityTools.Tips.UnitTest.Adapter, Version=10.0.0.0, Culture=neutral, PublicKeyToken=b03f5f7f11d50a3a" className="TennisGameTests.TennisGameTest, TennisGameTests, Version=1.0.0.0, Culture=neutral, PublicKeyToken=null" name="When_Both_Players_Have_Same_Score_And_Player_One_Scores_Then_Game_Is_Not_Over" />
    </UnitTest>
    <UnitTest name="When_Both_Players_Have_No_Points_Then_Game_Is_Not_Over" storage="e:\projektecsharp\tennisgametests\tennisgametests\bin\debug\tennisgametests.dll" id="7c4a2daa-a308-5e30-c27c-7ff1d3bb7360">
      <Execution id="e3e48c0a-f7e5-43d8-882a-57eb454d9827" />
      <TestMethod codeBase="E:/ProjekteCSharp/TennisGameTests/TennisGameTests/bin/Debug/TennisGameTests.DLL" adapterTypeName="Microsoft.VisualStudio.TestTools.TestTypes.Unit.UnitTestAdapter, Microsoft.VisualStudio.QualityTools.Tips.UnitTest.Adapter, Version=10.0.0.0, Culture=neutral, PublicKeyToken=b03f5f7f11d50a3a" className="TennisGameTests.TennisGameTest, TennisGameTests, Version=1.0.0.0, Culture=neutral, PublicKeyToken=null" name="When_Both_Players_Have_No_Points_Then_Game_Is_Not_Over" />
    </UnitTest>
    <UnitTest name="When_Player_One_Scores_And_Player_Two_Has_One_Point_Less_Then_Game_Is_Over" storage="e:\projektecsharp\tennisgametests\tennisgametests\bin\debug\tennisgametests.dll" id="a7ff91a2-ea8b-73a8-1b6e-6feb5085b15d">
      <Execution id="8b2ee1d1-0e18-4f24-ad43-39e6c95f224b" />
      <TestMethod codeBase="E:/ProjekteCSharp/TennisGameTests/TennisGameTests/bin/Debug/TennisGameTests.DLL" adapterTypeName="Microsoft.VisualStudio.TestTools.TestTypes.Unit.UnitTestAdapter, Microsoft.VisualStudio.QualityTools.Tips.UnitTest.Adapter, Version=10.0.0.0, Culture=neutral, PublicKeyToken=b03f5f7f11d50a3a" className="TennisGameTests.TennisGameTest, TennisGameTests, Version=1.0.0.0, Culture=neutral, PublicKeyToken=null" name="When_Player_One_Scores_And_Player_Two_Has_One_Point_Less_Then_Game_Is_Over" />
    </UnitTest>
    <UnitTest name="When_Player_Two_Has_Advantage_And_Player_One_Scores_One_Time_Game_Is_Not_Over" storage="e:\projektecsharp\tennisgametests\tennisgametests\bin\debug\tennisgametests.dll" id="c0c250c1-b76d-a919-f7e6-9bff7771e76e">
      <Execution id="c51ba3c7-627d-49ea-a8cc-476c30bd1a0a" />
      <TestMethod codeBase="E:/ProjekteCSharp/TennisGameTests/TennisGameTests/bin/Debug/TennisGameTests.DLL" adapterTypeName="Microsoft.VisualStudio.TestTools.TestTypes.Unit.UnitTestAdapter, Microsoft.VisualStudio.QualityTools.Tips.UnitTest.Adapter, Version=10.0.0.0, Culture=neutral, PublicKeyToken=b03f5f7f11d50a3a" className="TennisGameTests.TennisGameTest, TennisGameTests, Version=1.0.0.0, Culture=neutral, PublicKeyToken=null" name="When_Player_Two_Has_Advantage_And_Player_One_Scores_One_Time_Game_Is_Not_Over" />
    </UnitTest>
  </TestDefinitions>
  <TestLists>
    <TestList name="Results Not in a List" id="8c84fa94-04c1-424b-9868-57a2d4851a1d" />
    <TestList name="All Loaded Results" id="19431567-8539-422a-85d7-44ee4e166bda" />
  </TestLists>
  <TestEntries>
    <TestEntry testId="7c4a2daa-a308-5e30-c27c-7ff1d3bb7360" executionId="e3e48c0a-f7e5-43d8-882a-57eb454d9827" testListId="8c84fa94-04c1-424b-9868-57a2d4851a1d" />
    <TestEntry testId="a7ff91a2-ea8b-73a8-1b6e-6feb5085b15d" executionId="8b2ee1d1-0e18-4f24-ad43-39e6c95f224b" testListId="8c84fa94-04c1-424b-9868-57a2d4851a1d" />
    <TestEntry testId="f8c7b819-6a34-de2a-2462-3dbba6f9ebbe" executionId="296d268a-45c7-44ca-8f0e-ea666a05b69f" testListId="8c84fa94-04c1-424b-9868-57a2d4851a1d" />
    <TestEntry testId="1a284bb6-1df7-59be-91fb-b3c48199cc31" executionId="efeccb63-892c-40f8-8433-7b0a9b62ed8e" testListId="8c84fa94-04c1-424b-9868-57a2d4851a1d" />
    <TestEntry testId="86e19e65-bef3-df19-f228-ba46c4abc032" executionId="5a1db1ff-79d4-451b-b214-51df7da27d82" testListId="8c84fa94-04c1-424b-9868-57a2d4851a1d" />
    <TestEntry testId="103cf69a-23e5-c1a5-12bf-39532ce8fd97" executionId="e99c8187-4f22-4020-81fd-d552de0d6905" testListId="8c84fa94-04c1-424b-9868-57a2d4851a1d" />
    <TestEntry testId="c0c250c1-b76d-a919-f7e6-9bff7771e76e" executionId="c51ba3c7-627d-49ea-a8cc-476c30bd1a0a" testListId="8c84fa94-04c1-424b-9868-57a2d4851a1d" />
    <TestEntry testId="a8e12918-e87a-627f-a103-78c8ae03b8e1" executionId="db055d4b-1a91-4082-aa8b-a513f64cc9f3" testListId="8c84fa94-04c1-424b-9868-57a2d4851a1d" />
  </TestEntries>
  <Results>
    <UnitTestResult executionId="e3e48c0a-f7e5-43d8-882a-57eb454d9827" testId="7c4a2daa-a308-5e30-c27c-7ff1d3bb7360" testName="When_Both_Players_Have_No_Points_Then_Game_Is_Not_Over" computerName="FLORIAN-PC" duration="00:00:00.0169700" startTime="2010-09-01T21:40:50.8362709+02:00" endTime="2010-09-01T21:40:51.4914720+02:00" testType="13cdc9d9-ddb5-4fa4-a97d-d965ccfc6d4b" outcome="Passed" testListId="8c84fa94-04c1-424b-9868-57a2d4851a1d" relativeResultsDirectory="e3e48c0a-f7e5-43d8-882a-57eb454d9827">
    </UnitTestResult>
    <UnitTestResult executionId="8b2ee1d1-0e18-4f24-ad43-39e6c95f224b" testId="a7ff91a2-ea8b-73a8-1b6e-6feb5085b15d" testName="When_Player_One_Scores_And_Player_Two_Has_One_Point_Less_Then_Game_Is_Over" computerName="FLORIAN-PC" duration="00:00:00.0007825" startTime="2010-09-01T21:40:51.5070720+02:00" endTime="2010-09-01T21:40:51.5382721+02:00" testType="13cdc9d9-ddb5-4fa4-a97d-d965ccfc6d4b" outcome="Passed" testListId="8c84fa94-04c1-424b-9868-57a2d4851a1d" relativeResultsDirectory="8b2ee1d1-0e18-4f24-ad43-39e6c95f224b">
    </UnitTestResult>
    <UnitTestResult executionId="296d268a-45c7-44ca-8f0e-ea666a05b69f" testId="f8c7b819-6a34-de2a-2462-3dbba6f9ebbe" testName="When_Both_Players_Have_Same_Score_And_Player_One_Scores_Then_Game_Is_Not_Over" computerName="FLORIAN-PC" duration="00:00:00.0002776" startTime="2010-09-01T21:40:51.5382721+02:00" endTime="2010-09-01T21:40:51.5538721+02:00" testType="13cdc9d9-ddb5-4fa4-a97d-d965ccfc6d4b" outcome="Passed" testListId="8c84fa94-04c1-424b-9868-57a2d4851a1d" relativeResultsDirectory="296d268a-45c7-44ca-8f0e-ea666a05b69f">
    </UnitTestResult>
    <UnitTestResult executionId="efeccb63-892c-40f8-8433-7b0a9b62ed8e" testId="1a284bb6-1df7-59be-91fb-b3c48199cc31" testName="When_Both_Players_Have_40_Score_And_Player_One_Scores_Two_Times_Then_Game_Is_Not_Over" computerName="FLORIAN-PC" duration="00:00:00.0002857" startTime="2010-09-01T21:40:51.5694722+02:00" endTime="2010-09-01T21:40:51.5694722+02:00" testType="13cdc9d9-ddb5-4fa4-a97d-d965ccfc6d4b" outcome="Passed" testListId="8c84fa94-04c1-424b-9868-57a2d4851a1d" relativeResultsDirectory="efeccb63-892c-40f8-8433-7b0a9b62ed8e">
    </UnitTestResult>
    <UnitTestResult executionId="5a1db1ff-79d4-451b-b214-51df7da27d82" testId="86e19e65-bef3-df19-f228-ba46c4abc032" testName="When_Both_Players_Have_40_Score_And_Player_Two_Scores_Two_Times_Then_Game_Is_Not_Over" computerName="FLORIAN-PC" duration="00:00:00.0002902" startTime="2010-09-01T21:40:51.5850722+02:00" endTime="2010-09-01T21:40:51.5850722+02:00" testType="13cdc9d9-ddb5-4fa4-a97d-d965ccfc6d4b" outcome="Passed" testListId="8c84fa94-04c1-424b-9868-57a2d4851a1d" relativeResultsDirectory="5a1db1ff-79d4-451b-b214-51df7da27d82">
    </UnitTestResult>
    <UnitTestResult executionId="e99c8187-4f22-4020-81fd-d552de0d6905" testId="103cf69a-23e5-c1a5-12bf-39532ce8fd97" testName="When_Player_Two_Has_Advantage_And_Player_One_Scores_Three_Times_Game_Is_Over" computerName="FLORIAN-PC" duration="00:00:00.0002884" startTime="2010-09-01T21:40:51.6006722+02:00" endTime="2010-09-01T21:40:51.6162722+02:00" testType="13cdc9d9-ddb5-4fa4-a97d-d965ccfc6d4b" outcome="Passed" testListId="8c84fa94-04c1-424b-9868-57a2d4851a1d" relativeResultsDirectory="e99c8187-4f22-4020-81fd-d552de0d6905">
    </UnitTestResult>
    <UnitTestResult executionId="c51ba3c7-627d-49ea-a8cc-476c30bd1a0a" testId="c0c250c1-b76d-a919-f7e6-9bff7771e76e" testName="When_Player_Two_Has_Advantage_And_Player_One_Scores_One_Time_Game_Is_Not_Over" computerName="FLORIAN-PC" duration="00:00:00.0003808" startTime="2010-09-01T21:40:51.6162722+02:00" endTime="2010-09-01T21:40:51.6318723+02:00" testType="13cdc9d9-ddb5-4fa4-a97d-d965ccfc6d4b" outcome="Passed" testListId="8c84fa94-04c1-424b-9868-57a2d4851a1d" relativeResultsDirectory="c51ba3c7-627d-49ea-a8cc-476c30bd1a0a">
    </UnitTestResult>
    <UnitTestResult executionId="db055d4b-1a91-4082-aa8b-a513f64cc9f3" testId="a8e12918-e87a-627f-a103-78c8ae03b8e1" testName="When_Player_One_Scores_Two_Times_And_Player_Two_Does_Not_Score_Then_Game_Is_Not_Over" computerName="FLORIAN-PC" duration="00:00:00.0002549" startTime="2010-09-01T21:40:51.6474723+02:00" endTime="2010-09-01T21:40:51.6474723+02:00" testType="13cdc9d9-ddb5-4fa4-a97d-d965ccfc6d4b" outcome="Passed" testListId="8c84fa94-04c1-424b-9868-57a2d4851a1d" relativeResultsDirectory="db055d4b-1a91-4082-aa8b-a513f64cc9f3">
    </UnitTestResult>
  </Results>
</TestRun>