<?xml version="1.0" encoding="UTF-8"?>
<TestRun id="1bad7df5-7abb-441f-a371-183fcc9928f6" name="Florian@FLORIAN-PC 2010-09-01 20:28:46" runUser="Florian-PC\Florian" xmlns="http://microsoft.com/schemas/VisualStudio/TeamTest/2010">
  <TestSettings name="Local" id="96bdff75-9789-4ff9-98d6-bd2fd69ba88a">
    <Description>These are default test settings for a local test run.</Description>
    <Deployment enabled="false" runDeploymentRoot="Florian_FLORIAN-PC 2010-09-01 20_28_46" />
    <Execution>
      <TestTypeSpecific />
      <AgentRule name="Execution Agents">
      </AgentRule>
    </Execution>
  </TestSettings>
  <Times creation="2010-09-01T20:28:46.5662672+02:00" queuing="2010-09-01T20:28:46.5872684+02:00" start="2010-09-01T20:28:46.6038685+02:00" finish="2010-09-01T20:28:46.9002690+02:00" />
  <ResultSummary outcome="Completed">
    <Counters total="2" executed="2" passed="2" error="0" failed="0" timeout="0" aborted="0" inconclusive="0" passedButRunAborted="0" notRunnable="0" notExecuted="0" disconnected="0" warning="0" completed="0" inProgress="0" pending="0" />
  </ResultSummary>
  <TestDefinitions>
    <UnitTest name="When_Both_Players_Have_No_Points_Then_Game_Is_Not_Over" storage="e:\projektecsharp\tennisgametests\tennisgametests\bin\debug\tennisgametests.dll" id="7c4a2daa-a308-5e30-c27c-7ff1d3bb7360">
      <Execution id="25cb21aa-f590-48b0-990e-df26f6d2b1fb" />
      <TestMethod codeBase="E:/ProjekteCSharp/TennisGameTests/TennisGameTests/bin/Debug/TennisGameTests.DLL" adapterTypeName="Microsoft.VisualStudio.TestTools.TestTypes.Unit.UnitTestAdapter, Microsoft.VisualStudio.QualityTools.Tips.UnitTest.Adapter, Version=10.0.0.0, Culture=neutral, PublicKeyToken=b03f5f7f11d50a3a" className="TennisGameTests.TennisGameTest, TennisGameTests, Version=1.0.0.0, Culture=neutral, PublicKeyToken=null" name="When_Both_Players_Have_No_Points_Then_Game_Is_Not_Over" />
    </UnitTest>
    <UnitTest name="When_A_Player_Scores_Four_Times_In_A_Row_Then_Game_Is_Over" storage="e:\projektecsharp\tennisgametests\tennisgametests\bin\debug\tennisgametests.dll" id="0b4446c4-6dc4-98a3-5a21-b35ab7ad3608">
      <Execution id="008c1fe0-e7e9-45ef-8f9b-6a447c5ec360" />
      <TestMethod codeBase="E:/ProjekteCSharp/TennisGameTests/TennisGameTests/bin/Debug/TennisGameTests.DLL" adapterTypeName="Microsoft.VisualStudio.TestTools.TestTypes.Unit.UnitTestAdapter, Microsoft.VisualStudio.QualityTools.Tips.UnitTest.Adapter, Version=10.0.0.0, Culture=neutral, PublicKeyToken=b03f5f7f11d50a3a" className="TennisGameTests.TennisGameTest, TennisGameTests, Version=1.0.0.0, Culture=neutral, PublicKeyToken=null" name="When_A_Player_Scores_Four_Times_In_A_Row_Then_Game_Is_Over" />
    </UnitTest>
  </TestDefinitions>
  <TestLists>
    <TestList name="Results Not in a List" id="8c84fa94-04c1-424b-9868-57a2d4851a1d" />
    <TestList name="All Loaded Results" id="19431567-8539-422a-85d7-44ee4e166bda" />
  </TestLists>
  <TestEntries>
    <TestEntry testId="0b4446c4-6dc4-98a3-5a21-b35ab7ad3608" executionId="008c1fe0-e7e9-45ef-8f9b-6a447c5ec360" testListId="8c84fa94-04c1-424b-9868-57a2d4851a1d" />
    <TestEntry testId="7c4a2daa-a308-5e30-c27c-7ff1d3bb7360" executionId="25cb21aa-f590-48b0-990e-df26f6d2b1fb" testListId="8c84fa94-04c1-424b-9868-57a2d4851a1d" />
  </TestEntries>
  <Results>
    <UnitTestResult executionId="008c1fe0-e7e9-45ef-8f9b-6a447c5ec360" testId="0b4446c4-6dc4-98a3-5a21-b35ab7ad3608" testName="When_A_Player_Scores_Four_Times_In_A_Row_Then_Game_Is_Over" computerName="FLORIAN-PC" duration="00:00:00.0274117" startTime="2010-09-01T20:28:46.6038685+02:00" endTime="2010-09-01T20:28:46.8690689+02:00" testType="13cdc9d9-ddb5-4fa4-a97d-d965ccfc6d4b" outcome="Passed" testListId="8c84fa94-04c1-424b-9868-57a2d4851a1d" relativeResultsDirectory="008c1fe0-e7e9-45ef-8f9b-6a447c5ec360">
    </UnitTestResult>
    <UnitTestResult executionId="25cb21aa-f590-48b0-990e-df26f6d2b1fb" testId="7c4a2daa-a308-5e30-c27c-7ff1d3bb7360" testName="When_Both_Players_Have_No_Points_Then_Game_Is_Not_Over" computerName="FLORIAN-PC" duration="00:00:00.0002210" startTime="2010-09-01T20:28:46.8690689+02:00" endTime="2010-09-01T20:28:46.8846690+02:00" testType="13cdc9d9-ddb5-4fa4-a97d-d965ccfc6d4b" outcome="Passed" testListId="8c84fa94-04c1-424b-9868-57a2d4851a1d" relativeResultsDirectory="25cb21aa-f590-48b0-990e-df26f6d2b1fb">
    </UnitTestResult>
  </Results>
</TestRun>